// Jest Snapshot v1, https://goo.gl/fbAQLP

exports[`components <CategoryContainer/> renders correctly 1`] = `
<div>
  <ul
    className="filterList"
  >
    <div>
      <li
        className="category"
        onClick={[Function]}
      >
        fruit
      </li>
    </div>
    <div>
      <li
        className="category"
        onClick={[Function]}
      >
        fish
      </li>
    </div>
  </ul>
</div>
`;
