// Jest Snapshot v1, https://goo.gl/fbAQLP

exports[`components <Menu/> renders correctly 1`] = `
<header>
  <nav>
    <ul>
      <li>
        <a
          href="#top"
          onClick={[Function]}
        >
          <a
            onClick={[Function]}
            style={Object {}}
          >
            Home
          </a>
        </a>
      </li>
      <li>
        <a
          href="#about"
          onClick={[Function]}
        >
          <a
            onClick={[Function]}
            style={Object {}}
          >
            About
          </a>
        </a>
      </li>
      <li>
        <a
          onClick={[Function]}
          style={Object {}}
        >
          Archive
        </a>
      </li>
      <li
        className="contactMobile"
      >
        <a
          href="mailto:magdamargaretha@gmail.com?Subject=magdenmagden"
        >
          Contact
        </a>
      </li>
      <li
        className="contactWeb"
      >
        <a
          href="#contact"
          onClick={[Function]}
        >
          <a
            onClick={[Function]}
            style={Object {}}
          >
            Contact
          </a>
        </a>
      </li>
    </ul>
  </nav>
</header>
`;
